// Jest Snapshot v1, https://goo.gl/fbAQLP

exports[`CTA renders correctly 1`] = `
<button
  className=""
  onClick={[Function]}
/>
`;
